    Checking revora-contracts v0.1.0 (/home/user/Desktop/myDesktop/March/lycantho/Revora-Contracts)
error[E0428]: the name `report_below_threshold_emits_event_and_skips_distribution` is defined multiple times
    --> src/test.rs:7027:5
     |
6989 | fn report_below_threshold_emits_event_and_skips_distribution() {
     | -------------------------------------------------------------- previous definition of the value `report_below_threshold_emits_event_and_skips_distribution` here
...
7027 |     fn report_below_threshold_emits_event_and_skips_distribution() {
     |     ^^^^^^^^^^^^^^^^^^^^^^^^^^^^^^^^^^^^^^^^^^^^^^^^^^^^^^^^^^^^^^ `report_below_threshold_emits_event_and_skips_distribution` redefined here
     |
     = note: `report_below_threshold_emits_event_and_skips_distribution` must be defined only once in the value namespace of this module

error[E0428]: the name `report_at_or_above_threshold_updates_state` is defined multiple times
    --> src/test.rs:7050:5
     |
7004 | fn report_at_or_above_threshold_updates_state() {
     | ----------------------------------------------- previous definition of the value `report_at_or_above_threshold_updates_state` here
...
7050 |     fn report_at_or_above_threshold_updates_state() {
     |     ^^^^^^^^^^^^^^^^^^^^^^^^^^^^^^^^^^^^^^^^^^^^^^^ `report_at_or_above_threshold_updates_state` redefined here
     |
     = note: `report_at_or_above_threshold_updates_state` must be defined only once in the value namespace of this module

error[E0428]: the name `zero_threshold_disables_check` is defined multiple times
    --> src/test.rs:7080:5
     |
7018 | fn zero_threshold_disables_check() {
     | ---------------------------------- previous definition of the value `zero_threshold_disables_check` here
...
7080 |     fn zero_threshold_disables_check() {
     |     ^^^^^^^^^^^^^^^^^^^^^^^^^^^^^^^^^^ `zero_threshold_disables_check` redefined here
     |
     = note: `zero_threshold_disables_check` must be defined only once in the value namespace of this module

error[E0428]: the name `get_offerings_page_order_is_by_registration_index` is defined multiple times
    --> src/test.rs:7134:5
     |
7112 | fn get_offerings_page_order_is_by_registration_index() {
     | ------------------------------------------------------ previous definition of the value `get_offerings_page_order_is_by_registration_index` here
...
7134 |     fn get_offerings_page_order_is_by_registration_index() {
     |     ^^^^^^^^^^^^^^^^^^^^^^^^^^^^^^^^^^^^^^^^^^^^^^^^^^^^^^ `get_offerings_page_order_is_by_registration_index` redefined here
     |
     = note: `get_offerings_page_order_is_by_registration_index` must be defined only once in the value namespace of this module

error[E0609]: no field `report_count` on type `Option<...>`
    --> src/test.rs:7013:25
     |
7013 | ...ary2.report_count, 2);
     |         ^^^^^^^^^^^^ unknown field
     |
     = note: the full name for the type has been written to '/home/user/Desktop/myDesktop/March/lycantho/Revora-Contracts/target/debug/deps/revora_contracts-8c2d9717f32617ef.long-type-12723214820077161421.txt'
     = note: consider using `--verbose` to print the full type name to the console
help: one of the expressions' fields has a field of the same name
     |
7013 |     assert_eq!(summary2.unwrap().report_count, 2);
     |                         +++++++++

error[E0609]: no field `total_revenue` on type `Option<...>`
    --> src/test.rs:7014:25
     |
7014 | ...ary2.total_revenue, 3_000);
     |         ^^^^^^^^^^^^^ unknown field
     |
     = note: the full name for the type has been written to '/home/user/Desktop/myDesktop/March/lycantho/Revora-Contracts/target/debug/deps/revora_contracts-8c2d9717f32617ef.long-type-12723214820077161421.txt'
     = note: consider using `--verbose` to print the full type name to the console
help: one of the expressions' fields has a field of the same name
     |
7014 |     assert_eq!(summary2.unwrap().total_revenue, 3_000);
     |                         +++++++++

error[E0061]: this method takes 5 arguments but 6 arguments were supplied
    --> src/test.rs:7988:16
     |
7988 | ...nt.set_holder_share(&issuer, &symbol_short!("def"), &token, &1, &investor_a, &60); ...
     |       ^^^^^^^^^^^^^^^^                                         --  -----------  --- unexpected argument #6 of type `&{integer}`
     |                                                                |   |
     |                                                                |   expected `&u32`, found `&soroban_sdk::Address`
     |                                                                expected `&soroban_sdk::Address`, found `&{integer}`
     |
note: method defined here
    --> src/lib.rs:2221:12
     |
2221 |     pub fn set_holder_share(
     |            ^^^^^^^^^^^^^^^^
help: did you mean
     |
7988 -         client.set_holder_share(&issuer, &symbol_short!("def"), &token, &1, &investor_a, &60); // 60%
7988 +         client.set_holder_share(&issuer, &symbol_short!("def"), &token, &investor_a, &1); // 60%
     |

error[E0061]: this method takes 5 arguments but 6 arguments were supplied
    --> src/test.rs:7989:16
     |
7989 | ...nt.set_holder_share(&issuer, &symbol_short!("def"), &token, &1, &investor_b, &40); ...
     |       ^^^^^^^^^^^^^^^^                                         --  -----------  --- unexpected argument #6 of type `&{integer}`
     |                                                                |   |
     |                                                                |   expected `&u32`, found `&soroban_sdk::Address`
     |                                                                expected `&soroban_sdk::Address`, found `&{integer}`
     |
note: method defined here
    --> src/lib.rs:2221:12
     |
2221 |     pub fn set_holder_share(
     |            ^^^^^^^^^^^^^^^^
help: did you mean
     |
7989 -         client.set_holder_share(&issuer, &symbol_short!("def"), &token, &1, &investor_b, &40); // 40%
7989 +         client.set_holder_share(&issuer, &symbol_short!("def"), &token, &investor_b, &1); // 40%
     |

error[E0061]: this method takes 5 arguments but 6 arguments were supplied
    --> src/test.rs:7997:16
     |
7997 | ...nt.set_holder_share(&issuer, &symbol_short!("def"), &token, &2, &investor_a, &20); ...
     |       ^^^^^^^^^^^^^^^^                                         --  -----------  --- unexpected argument #6 of type `&{integer}`
     |                                                                |   |
     |                                                                |   expected `&u32`, found `&soroban_sdk::Address`
     |                                                                expected `&soroban_sdk::Address`, found `&{integer}`
     |
note: method defined here
    --> src/lib.rs:2221:12
     |
2221 |     pub fn set_holder_share(
     |            ^^^^^^^^^^^^^^^^
help: did you mean
     |
7997 -         client.set_holder_share(&issuer, &symbol_short!("def"), &token, &2, &investor_a, &20); // 20%
7997 +         client.set_holder_share(&issuer, &symbol_short!("def"), &token, &investor_a, &2); // 20%
     |

error[E0061]: this method takes 5 arguments but 6 arguments were supplied
    --> src/test.rs:7998:16
     |
7998 | ...nt.set_holder_share(&issuer, &symbol_short!("def"), &token, &2, &investor_b, &80); ...
     |       ^^^^^^^^^^^^^^^^                                         --  -----------  --- unexpected argument #6 of type `&{integer}`
     |                                                                |   |
     |                                                                |   expected `&u32`, found `&soroban_sdk::Address`
     |                                                                expected `&soroban_sdk::Address`, found `&{integer}`
     |
note: method defined here
    --> src/lib.rs:2221:12
     |
2221 |     pub fn set_holder_share(
     |            ^^^^^^^^^^^^^^^^
help: did you mean
     |
7998 -         client.set_holder_share(&issuer, &symbol_short!("def"), &token, &2, &investor_b, &80); // 80%
7998 +         client.set_holder_share(&issuer, &symbol_short!("def"), &token, &investor_b, &2); // 80%
     |

error[E0308]: mismatched types
    --> src/test.rs:8006:47
     |
8006 | ..., &symbol_short!("def"), &...
     |       ^^^^^^^^^^^^^^^^^^^^ expected `Address`, found `Symbol`
     |
     = note: this error originates in the macro `symbol_short` (in Nightly builds, run with -Z macro-backtrace for more info)

error[E0308]: mismatched types
    --> src/test.rs:8006:69
     |
8006 | ...nt.claim(&issuer, &symbol_short!("def"), &token, &...
     |       -----                                 ^^^^^^ expected `&Symbol`, found `&Address`
     |       |
     |       arguments to this method are incorrect
     |
     = note: expected reference `&soroban_sdk::Symbol`
                found reference `&soroban_sdk::Address`
note: method defined here
    --> src/lib.rs:2468:12
     |
2468 |     pub fn claim(
     |            ^^^^^
...
2472 |         namespace: Symbol,
     |         -----------------

error[E0308]: mismatched types
    --> src/test.rs:8015:47
     |
8015 | ..., &symbol_short!("def"), &...
     |       ^^^^^^^^^^^^^^^^^^^^ expected `Address`, found `Symbol`
     |
     = note: this error originates in the macro `symbol_short` (in Nightly builds, run with -Z macro-backtrace for more info)

error[E0308]: mismatched types
    --> src/test.rs:8015:69
     |
8015 | ...nt.claim(&issuer, &symbol_short!("def"), &token, &...
     |       -----                                 ^^^^^^ expected `&Symbol`, found `&Address`
     |       |
     |       arguments to this method are incorrect
     |
     = note: expected reference `&soroban_sdk::Symbol`
                found reference `&soroban_sdk::Address`
note: method defined here
    --> src/lib.rs:2468:12
     |
2468 |     pub fn claim(
     |            ^^^^^
...
2472 |         namespace: Symbol,
     |         -----------------

error[E0599]: no method named `get_unclaimed_periods` found for struct `RevoraRevenueShareClient<'a>` in the current scope
    --> src/test.rs:8019:34
     |
8019 | ...nt.get_unclaimed_periods(&i...
     |       ^^^^^^^^^^^^^^^^^^^^^
     |
    ::: src/lib.rs:489:1
     |
 489 | #[contract]
     | ----------- method `get_unclaimed_periods` not found for this struct
     |
help: there is a method `get_pending_periods` with a similar name
     |
8019 -         let remaining_a = client.get_unclaimed_periods(&issuer, &symbol_short!("def"), &token, &investor_a);
8019 +         let remaining_a = client.get_pending_periods(&issuer, &symbol_short!("def"), &token, &investor_a);
     |

error[E0061]: this method takes 5 arguments but 6 arguments were supplied
    --> src/test.rs:8052:16
     |
8052 | ...nt.set_holder_share(&issuer, &symbol_short!("def"), &token, &1, &investor, &100);
     |       ^^^^^^^^^^^^^^^^                                         --  ---------  ---- unexpected argument #6 of type `&{integer}`
     |                                                                |   |
     |                                                                |   expected `&u32`, found `&soroban_sdk::Address`
     |                                                                expected `&soroban_sdk::Address`, found `&{integer}`
     |
note: method defined here
    --> src/lib.rs:2221:12
     |
2221 |     pub fn set_holder_share(
     |            ^^^^^^^^^^^^^^^^
help: did you mean
     |
8052 -         client.set_holder_share(&issuer, &symbol_short!("def"), &token, &1, &investor, &100);
8052 +         client.set_holder_share(&issuer, &symbol_short!("def"), &token, &investor, &1);
     |

error[E0308]: mismatched types
    --> src/test.rs:8057:52
     |
8057 | ..., &symbol_short!("def"), &...
     |       ^^^^^^^^^^^^^^^^^^^^ expected `Address`, found `Symbol`
     |
     = note: this error originates in the macro `symbol_short` (in Nightly builds, run with -Z macro-backtrace for more info)

error[E0308]: mismatched types
    --> src/test.rs:8057:74
     |
8057 | ...nt.try_claim(&issuer, &symbol_short!("def"), &token, &...
     |       ---------                                 ^^^^^^ expected `&Symbol`, found `&Address`
     |       |
     |       arguments to this method are incorrect
     |
     = note: expected reference `&soroban_sdk::Symbol`
                found reference `&soroban_sdk::Address`
note: method defined here
    --> src/lib.rs:2468:12
     |
2468 |     pub fn claim(
     |            ^^^^^
...
2472 |         namespace: Symbol,
     |         -----------------

error[E0599]: no method named `set_timestamp` found for struct `Ledger` in the current scope
    --> src/test.rs:8061:22
     |
8061 | ...ger().set_timestamp(env.l...
     |          ^^^^^^^^^^^^^
     |
help: there is a method `timestamp` with a similar name, but with different arguments
    --> /home/user/.cargo/registry/src/index.crates.io-1949cf8c6b5b557f/soroban-sdk-20.5.0/src/ledger.rs:81:5
     |
  81 |     pub fn timestamp(&self) -> u64 {
     |     ^^^^^^^^^^^^^^^^^^^^^^^^^^^^^^
     = note: the full name for the type has been written to '/home/user/Desktop/myDesktop/March/lycantho/Revora-Contracts/target/debug/deps/revora_contracts-8c2d9717f32617ef.long-type-6034050221623679165.txt'
     = note: consider using `--verbose` to print the full type name to the console

error[E0308]: mismatched types
    --> src/test.rs:8070:45
     |
8070 | ..., &symbol_short!("def"), &...
     |       ^^^^^^^^^^^^^^^^^^^^ expected `Address`, found `Symbol`
     |
     = note: this error originates in the macro `symbol_short` (in Nightly builds, run with -Z macro-backtrace for more info)

error[E0308]: mismatched types
    --> src/test.rs:8070:67
     |
8070 | ...nt.claim(&issuer, &symbol_short!("def"), &token, &...
     |       -----                                 ^^^^^^ expected `&Symbol`, found `&Address`
     |       |
     |       arguments to this method are incorrect
     |
     = note: expected reference `&soroban_sdk::Symbol`
                found reference `&soroban_sdk::Address`
note: method defined here
    --> src/lib.rs:2468:12
     |
2468 |     pub fn claim(
     |            ^^^^^
...
2472 |         namespace: Symbol,
     |         -----------------

error[E0061]: this method takes 5 arguments but 6 arguments were supplied
    --> src/test.rs:8078:16
     |
8078 | ...nt.set_holder_share(&issuer, &symbol_short!("def"), &token, &2, &investor, &100);
     |       ^^^^^^^^^^^^^^^^                                         --  ---------  ---- unexpected argument #6 of type `&{integer}`
     |                                                                |   |
     |                                                                |   expected `&u32`, found `&soroban_sdk::Address`
     |                                                                expected `&soroban_sdk::Address`, found `&{integer}`
     |
note: method defined here
    --> src/lib.rs:2221:12
     |
2221 |     pub fn set_holder_share(
     |            ^^^^^^^^^^^^^^^^
help: did you mean
     |
8078 -         client.set_holder_share(&issuer, &symbol_short!("def"), &token, &2, &investor, &100);
8078 +         client.set_holder_share(&issuer, &symbol_short!("def"), &token, &investor, &2);
     |

error[E0599]: no method named `set_timestamp` found for struct `Ledger` in the current scope
    --> src/test.rs:8081:22
     |
8081 | ...ger().set_timestamp(env.l...
     |          ^^^^^^^^^^^^^
     |
help: there is a method `timestamp` with a similar name, but with different arguments
    --> /home/user/.cargo/registry/src/index.crates.io-1949cf8c6b5b557f/soroban-sdk-20.5.0/src/ledger.rs:81:5
     |
  81 |     pub fn timestamp(&self) -> u64 {
     |     ^^^^^^^^^^^^^^^^^^^^^^^^^^^^^^
     = note: the full name for the type has been written to '/home/user/Desktop/myDesktop/March/lycantho/Revora-Contracts/target/debug/deps/revora_contracts-8c2d9717f32617ef.long-type-6034050221623679165.txt'
     = note: consider using `--verbose` to print the full type name to the console

error[E0308]: mismatched types
    --> src/test.rs:8082:60
     |
8082 | ..., &symbol_short!("def"), &...
     |       ^^^^^^^^^^^^^^^^^^^^ expected `Address`, found `Symbol`
     |
     = note: this error originates in the macro `symbol_short` (in Nightly builds, run with -Z macro-backtrace for more info)

error[E0308]: mismatched types
    --> src/test.rs:8082:82
     |
8082 | ...nt.try_claim(&issuer, &symbol_short!("def"), &token, &...
     |       ---------                                 ^^^^^^ expected `&Symbol`, found `&Address`
     |       |
     |       arguments to this method are incorrect
     |
     = note: expected reference `&soroban_sdk::Symbol`
                found reference `&soroban_sdk::Address`
note: method defined here
    --> src/lib.rs:2468:12
     |
2468 |     pub fn claim(
     |            ^^^^^
...
2472 |         namespace: Symbol,
     |         -----------------

error[E0599]: no method named `try_into_val` found for struct `soroban_sdk::Val` in the current scope
    --> src/test.rs:8114:81
     |
8114 | ...rap().try_into_val(&env);
     |          ^^^^^^^^^^^^
     |
    ::: /home/user/.cargo/registry/src/index.crates.io-1949cf8c6b5b557f/soroban-env-common-20.3.0/src/convert.rs:33:8
     |
  33 |     fn try_into_val(&self, e...
     |        ------------ the method is available for `soroban_sdk::Val` here
     |
     = help: items from traits can only be used if the trait is in scope
help: trait `TryIntoVal` which provides `try_into_val` is implemented but not in scope; perhaps you want to import it
     |
8089 +     use soroban_sdk::TryIntoVal;
     |
help: there is a method `into_val` with a similar name
     |
8114 -                 let sym: Result<soroban_sdk::Symbol, _> = topic.get(0).unwrap().try_into_val(&env);
8114 +                 let sym: Result<soroban_sdk::Symbol, _> = topic.get(0).unwrap().into_val(&env);
     |

error[E0599]: no method named `try_into_val` found for struct `soroban_sdk::Val` in the current scope
    --> src/test.rs:8118:67
     |
8118 | ... data.try_into_val(&env)....
     |          ^^^^^^^^^^^^
     |
    ::: /home/user/.cargo/registry/src/index.crates.io-1949cf8c6b5b557f/soroban-env-common-20.3.0/src/convert.rs:33:8
     |
  33 |     fn try_into_val(&self, e...
     |        ------------ the method is available for `soroban_sdk::Val` here
     |
     = help: items from traits can only be used if the trait is in scope
help: trait `TryIntoVal` which provides `try_into_val` is implemented but not in scope; perhaps you want to import it
     |
8089 +     use soroban_sdk::TryIntoVal;
     |
help: there is a method `into_val` with a similar name
     |
8118 -                         let (count, threshold): (u32, u32) = data.try_into_val(&env).unwrap();
8118 +                         let (count, threshold): (u32, u32) = data.into_val(&env).unwrap();
     |

error[E0382]: use of moved value: `topics`
    --> src/test.rs:6447:22
     |
6444 | ..._, topics, _) = last_event;
     |       ------ move occurs because `topics` has type `Vec<Val>`, which does not implement the `Copy` trait
6445 | ...opics_vec: Vec<soroban_sdk::Val> = topics;
     |                                       ------ value moved here
6446 | ...vent_symbol: Symbol = topics_vec.get(0).clon...
6447 | ...opics_vec = topics;
     |                ^^^^^^ value used here after move
     |
     = note: the full name for the type has been written to '/home/user/Desktop/myDesktop/March/lycantho/Revora-Contracts/target/debug/deps/revora_contracts-8c2d9717f32617ef.long-type-2470963831010308036.txt'
     = note: consider using `--verbose` to print the full type name to the console
help: consider cloning the value if the performance cost is acceptable
     |
6445 |     let topics_vec: Vec<soroban_sdk::Val> = topics.clone();
     |                                                   ++++++++

error[E0382]: use of moved value: `topics`
    --> src/test.rs:6478:22
     |
6475 | ..._, topics, _) = last_event;
     |       ------ move occurs because `topics` has type `Vec<Val>`, which does not implement the `Copy` trait
6476 | ...opics_vec: Vec<soroban_sdk::Val> = topics;
     |                                       ------ value moved here
6477 | ...vent_symbol: Symbol = topics_vec.get(0).clon...
6478 | ...opics_vec = topics;
     |                ^^^^^^ value used here after move
     |
     = note: the full name for the type has been written to '/home/user/Desktop/myDesktop/March/lycantho/Revora-Contracts/target/debug/deps/revora_contracts-8c2d9717f32617ef.long-type-2470963831010308036.txt'
     = note: consider using `--verbose` to print the full type name to the console
help: consider cloning the value if the performance cost is acceptable
     |
6476 |     let topics_vec: Vec<soroban_sdk::Val> = topics.clone();
     |                                                   ++++++++

error[E0382]: use of moved value: `topics`
    --> src/test.rs:6504:22
     |
6498 | ...tract, topics, data) = events.last(...
     |           ------ move occurs because `topics` has type `Vec<Val>`, which does not implement the `Copy` trait
...
6502 | ...: Vec<soroban_sdk::Val> = topics;
     |                              ------ value moved here
6503 | ...ol: Symbol = topics_vec.get(0).clon...
6504 | ... = topics;
     |       ^^^^^^ value used here after move
     |
     = note: the full name for the type has been written to '/home/user/Desktop/myDesktop/March/lycantho/Revora-Contracts/target/debug/deps/revora_contracts-8c2d9717f32617ef.long-type-2470963831010308036.txt'
     = note: consider using `--verbose` to print the full type name to the console
help: consider cloning the value if the performance cost is acceptable
     |
6502 |     let topics_vec: Vec<soroban_sdk::Val> = topics.clone();
     |                                                   ++++++++

Some errors have detailed explanations: E0061, E0308, E0382, E0428, E0599, E0609.
For more information about an error, try `rustc --explain E0061`.
error: could not compile `revora-contracts` (lib test) due to 30 previous errors
